[prosubject.launchrock.com/index.html]
[backblue.gif]
[fade.gif]
[index.html]
[prosubject.launchrock.com/favicon.ico]
[prosubject.launchrock.com/assets/lr-site/dist/css/vendor-stylese86b.css]
[prosubject.launchrock.com/assets/lr-site/dist/css/stylese86b.css]
[prosubject.launchrock.com/lr/site9bef.css]
[s3.amazonaws.com/media.launchrock.com/assets/sites/site-cb1teldpzaxazt0rkbf6b3vca/bmodkz-editar tamaño.png]
[s3.amazonaws.com/media.launchrock.com/assets/sites/site-cb1teldpzaxazt0rkbf6b3vca/dwuohd-profesor color.png]
[s3.amazonaws.com/media.launchrock.com/assets/sites/site-cb1teldpzaxazt0rkbf6b3vca/jsqgpp-precios bajos color.png]
[s3.amazonaws.com/media.launchrock.com/assets/sites/site-cb1teldpzaxazt0rkbf6b3vca/fostq2-libro color tamaño.png]
[ajax.googleapis.com/ajax/libs/jquery/2.1.1/jquery.mine86b.js]
[prosubject.launchrock.com/assets/lr-site/dist/js/scripts.mine86b.js]
[prosubject.launchrock.com/analytics/lr-sitee86b.js]
[prosubject.launchrock.com/index.html]
[prosubject.launchrock.com/assets/lr-site/dist/css/vendor-stylese86b.css]
[prosubject.launchrock.com/assets/lr-site/media/images/social-icons/facebook.png]
[prosubject.launchrock.com/assets/lr-site/media/images/social-icons/twitter.png]
[prosubject.launchrock.com/assets/lr-site/dist/js/vendor-scripts.mine86b.js]
[prosubject.launchrock.com/assets/lr-site/media/images/social-icons/linkedin.png]
[prosubject.launchrock.com/assets/lr-site/media/images/social-icons/tumblr.png]
[prosubject.launchrock.com/assets/lr-site/media/images/social-icons/google-plus.png]
[prosubject.launchrock.com/assets/lr-site/media/images/powered-by-launchrock.png]
[prosubject.launchrock.com/assets/lr-site/media/images/loading.gif]
[prosubject.launchrock.com/assets/lr-site/dist/css/stylese86b.css]
[s3.amazonaws.com/media.launchrock.com/assets/sites/site-cb1teldpzaxazt0rkbf6b3vca/x8cbld-logo.png]
[s3.amazonaws.com/media.launchrockstaging.com/assets/sites/site-8s9ycfycg69yfv4bqc4ga6tqp/gzpjtq-bottom-image.jpg]
[prosubject.launchrock.com/lr/site9bef.css]
[prosubject.launchrock.com/assets/lr-site/dist/fonts/glyphicons-halflings-regular.html]
[prosubject.launchrock.com/assets/lr-site/dist/fonts/glyphicons-halflings-regulard41d.html]
[prosubject.launchrock.com/assets/lr-site/dist/fonts/glyphicons-halflings-regular-2.html]
[prosubject.launchrock.com/assets/lr-site/dist/fonts/glyphicons-halflings-regular-3.html]
[prosubject.launchrock.com/assets/lr-site/dist/fonts/glyphicons-halflings-regular-4.html]
[prosubject.launchrock.com/assets/lr-site/dist/fonts/glyphicons-halflings-regular-5.html]
